
=== quikscale ===
  walked 921 files
  total: 29.9 MB
    uploaded 100/921
    uploaded 200/921
    uploaded 300/921
    uploaded 400/921
    uploaded 500/921
    uploaded 600/921
    uploaded 700/921
    uploaded 800/921
    uploaded 900/921
  uploaded 921/921
  id: dpl_EWvbmjz9SqpbsiQB4YYdpn64UqSA
  url: https://quikscale-3lcfadyxy-pravin-sharmas-projects-cb2dd481.vercel.app
    [BUILDING] 6s
    [BUILDING] 33s
    [BUILDING] 61s
    [BUILDING] 88s
    [BUILDING] 115s
    [BUILDING] 140s
    [BUILDING] 166s
    [BUILDING] 192s
  ✅ READY in 211s

All done.
