
=== quikinfra ===
  walked 921 files
  total: 71.8 MB
    uploaded 100/921
    uploaded 200/921
    uploaded 300/921
    uploaded 400/921
    uploaded 500/921
    uploaded 600/921
    uploaded 700/921
    uploaded 800/921
    uploaded 900/921
  uploaded 921/921
  id: dpl_CVfpm8xeWaoFx6tog4sMmoYa4Dc1
  url: https://quikinfra-2gs6tag60-pravin-sharmas-projects-cb2dd481.vercel.app
    [BUILDING] 7s
    [BUILDING] 35s
    [BUILDING] 59s
    [BUILDING] 85s
    [BUILDING] 111s
    [BUILDING] 137s
  ✅ READY in 143s

All done.
