
=== quikit ===
  walked 1618 files
  total: 113.7 MB
    uploaded 100/1618
    uploaded 200/1618
    uploaded 300/1618
    uploaded 400/1618
    uploaded 500/1618
    uploaded 600/1618
    uploaded 700/1618
    uploaded 800/1618
    uploaded 900/1618
    uploaded 1000/1618
    uploaded 1100/1618
    uploaded 1200/1618
    uploaded 1300/1618
    uploaded 1400/1618
    uploaded 1500/1618
    uploaded 1600/1618
  uploaded 1618/1618
  id: dpl_Ep2K9cpLF55VkowqEQjk7QubXhtS
  url: https://quikit-4dchcbip2-pravin-sharmas-projects-cb2dd481.vercel.app
    [BUILDING] 6s
    [BUILDING] 30s
    [BUILDING] 54s
    [BUILDING] 79s
    [BUILDING] 104s
    [BUILDING] 128s
    [BUILDING] 152s
    [BUILDING] 176s
    [BUILDING] 200s
  ✅ READY in 218s

=== auth ===
  walked 1380 files
  total: 74.9 MB
    uploaded 100/1380
    uploaded 200/1380
    uploaded 300/1380
    uploaded 400/1380
    uploaded 500/1380
    uploaded 600/1380
    uploaded 700/1380
    uploaded 800/1380
    uploaded 900/1380
    uploaded 1000/1380
    uploaded 1100/1380
    uploaded 1200/1380
    uploaded 1300/1380
  uploaded 1380/1380
  id: dpl_H3B5aeW9dGHNWskPvUt1JzeCGBrh
  url: https://auth-1bw6a32k1-pravin-sharmas-projects-cb2dd481.vercel.app
    [BUILDING] 6s
    [BUILDING] 30s
    [BUILDING] 56s
    [BUILDING] 80s
    [BUILDING] 105s
    [BUILDING] 130s
    [BUILDING] 154s
  ✅ READY in 166s

=== admin ===
  walked 1440 files
  total: 85.4 MB
    uploaded 100/1440
    uploaded 200/1440
    uploaded 300/1440
    uploaded 400/1440
    uploaded 500/1440
    uploaded 600/1440
    uploaded 700/1440
    uploaded 800/1440
    uploaded 900/1440
    uploaded 1000/1440
    uploaded 1100/1440
    uploaded 1200/1440
    uploaded 1300/1440
    uploaded 1400/1440
  uploaded 1440/1440
  id: dpl_FfVwHypMxkVrLHX2zFLYb5LFYEk5
  url: https://admin-5t93snbic-pravin-sharmas-projects-cb2dd481.vercel.app
    [BUILDING] 6s
    [BUILDING] 30s
    [BUILDING] 54s
    [BUILDING] 79s
    [BUILDING] 103s
    [BUILDING] 127s
    [BUILDING] 151s
  ✅ READY in 169s

=== quikscale ===
  walked 1979 files
  total: 101.5 MB
    uploaded 100/1979
    uploaded 200/1979
    uploaded 300/1979
    uploaded 400/1979
    uploaded 500/1979
    uploaded 600/1979

=== quikscale ===
  walked 1979 files
  total: 101.5 MB
