
=== quiktrack ===
  walked 739 files
  total: 41.7 MB
    uploaded 100/739
    uploaded 200/739
    uploaded 300/739
    uploaded 400/739
    uploaded 500/739
    uploaded 600/739
    uploaded 700/739
  uploaded 739/739
  id: dpl_ERUbPWGZnwq4WBScB5kxBdYYxt4h
  url: https://quiktrack-gt5gj7wf6-pravin-sharmas-projects-cb2dd481.vercel.app
    [BUILDING] 6s
    [BUILDING] 34s
    [BUILDING] 61s
    [BUILDING] 87s
    [BUILDING] 115s
    [BUILDING] 141s
    [BUILDING] 167s
  ✅ READY in 190s

All done.
